
> gemini-docx-frontend@1.0.0 build
> vite build

[36mvite v5.4.21 [32mbuilding for production...[36m[39m
transforming...
[32mΓ£ô[39m 1662 modules transformed.
node.exe : [31mx[39m Build failed in 3.49s
At line:1 char:1
+ & "C:\Program Files\nodejs/node.exe" "C:\Program Files\nodejs/node_mo ...
+ ~~~~~~~~~~~~~~~~~~~~~~~~~~~~~~~~~~~~~~~~~~~~~~~~~~~~~~~~~~~~~~~~~~~~~
    + CategoryInfo          : NotSpecified: ([31mx[39m Build failed in 3.49s:String) [], RemoteException
    + FullyQualifiedErrorId : NativeCommandError
 
[31merror during build:
[31msrc/App.jsx (5:4): "CloudUpload" is not exported by "node_modules/lucide-react/dist/esm/lucide-react.js", 
imported by "src/App.jsx".[31m
file: [36mC:/Users/aftab/OneDrive/Desktop/text-tracker/gemini-docx-agent/frontend/src/App.jsx:5:4[31m
[33m
3: import {
4:     Send,
5:     CloudUpload,
       ^
6:     Download,
7:     Settings2,
[31m
    at getRollupError (file:///C:/Users/aftab/OneDrive/Desktop/text-tracker/gemini-docx-agent/frontend/node_modules/rol
lup/dist/es/shared/parseAst.js:402:41)
    at error (file:///C:/Users/aftab/OneDrive/Desktop/text-tracker/gemini-docx-agent/frontend/node_modules/rollup/dist/
es/shared/parseAst.js:398:42)
    at Module.error (file:///C:/Users/aftab/OneDrive/Desktop/text-tracker/gemini-docx-agent/frontend/node_modules/rollu
p/dist/es/shared/node-entry.js:17040:16)
    at Module.traceVariable (file:///C:/Users/aftab/OneDrive/Desktop/text-tracker/gemini-docx-agent/frontend/node_modul
es/rollup/dist/es/shared/node-entry.js:17452:29)
    at ModuleScope.findVariable (file:///C:/Users/aftab/OneDrive/Desktop/text-tracker/gemini-docx-agent/frontend/node_m
odules/rollup/dist/es/shared/node-entry.js:15070:39)
    at FunctionScope.findVariable (file:///C:/Users/aftab/OneDrive/Desktop/text-tracker/gemini-docx-agent/frontend/node
_modules/rollup/dist/es/shared/node-entry.js:5673:38)
    at FunctionBodyScope.findVariable (file:///C:/Users/aftab/OneDrive/Desktop/text-tracker/gemini-docx-agent/frontend/
node_modules/rollup/dist/es/shared/node-entry.js:5673:38)
    at Identifier.bind (file:///C:/Users/aftab/OneDrive/Desktop/text-tracker/gemini-docx-agent/frontend/node_modules/ro
llup/dist/es/shared/node-entry.js:5447:40)
    at CallExpression.bind (file:///C:/Users/aftab/OneDrive/Desktop/text-tracker/gemini-docx-agent/frontend/node_module
s/rollup/dist/es/shared/node-entry.js:2825:28)
    at CallExpression.bind (file:///C:/Users/aftab/OneDrive/Desktop/text-tracker/gemini-docx-agent/frontend/node_module
s/rollup/dist/es/shared/node-entry.js:12179:15)[39m
